
> open-tv@2.0.4 test
> ng test --watch=false --browsers=ChromeHeadless

[baseline-browser-mapping] The data in this module is over two months old.  To ensure accurate Baseline data, please update: `npm i baseline-browser-mapping@latest -D`
- Generating browser application bundles (phase: setup)...
Γ£ö Browser application bundle generation complete.
31 01 2026 20:39:01.671:INFO [karma-server]: Karma v6.4.4 server started at http://localhost:9876/
31 01 2026 20:39:01.673:INFO [launcher]: Launching browsers ChromeHeadless with concurrency unlimited
31 01 2026 20:39:01.686:INFO [launcher]: Starting browser ChromeHeadless
31 01 2026 20:39:02.951:INFO [Chrome Headless 144.0.0.0 (Windows 10)]: Connected on socket I7muR1NtFx9zhB3fAAAB with id 21816041
Chrome Headless 144.0.0.0 (Windows 10): Executed 0 of 38[32m SUCCESS[39m (0 secs / 0 secs)
[1A[2KChrome Headless 144.0.0.0 (Windows 10): Executed 1 of 38[32m SUCCESS[39m (0 secs / 0.035 secs)
[1A[2KChrome Headless 144.0.0.0 (Windows 10): Executed 2 of 38[32m SUCCESS[39m (0 secs / 0.059 secs)
[1A[2KERROR: [36m'Tauri command "is_container" failed:', TypeError: Cannot read properties of undefined (reading 'invoke')
TypeError: Cannot read properties of undefined (reading 'invoke')
    at http://localhost:9876/_karma_webpack_/webpack:/node_modules/.pnpm/@tauri-apps+api@2.9.1/node_modules/@tauri-apps/api/core.js:202:39
    at Generator.next (<anonymous>)
    at asyncGeneratorStep (http://localhost:9876/_karma_webpack_/webpack:/node_modules/.pnpm/@babel+runtime@7.26.10/node_modules/@babel/runtime/helpers/esm/asyncToGenerator.js:3:1)
    at _next (http://localhost:9876/_karma_webpack_/webpack:/node_modules/.pnpm/@babel+runtime@7.26.10/node_modules/@babel/runtime/helpers/esm/asyncToGenerator.js:17:1)
    at executor (http://localhost:9876/_karma_webpack_/webpack:/node_modules/.pnpm/@babel+runtime@7.26.10/node_modules/@babel/runtime/helpers/esm/asyncToGenerator.js:22:1)
    at new ZoneAwarePromise (http://localhost:9876/_karma_webpack_/webpack:/node_modules/.pnpm/zone.js@0.14.10/node_modules/zone.js/fesm2015/zone.js:2702:25)
    at apply (http://localhost:9876/_karma_webpack_/webpack:/node_modules/.pnpm/@babel+runtime@7.26.10/node_modules/@babel/runtime/helpers/esm/asyncToGenerator.js:14:1)
    at apply (http://localhost:9876/_karma_webpack_/webpack:/node_modules/.pnpm/@tauri-apps+api@2.9.1/node_modules/@tauri-apps/api/core.js:203:2)
    at invoke (http://localhost:9876/_karma_webpack_/webpack:/node_modules/.pnpm/@tauri-apps+api@2.9.1/node_modules/@tauri-apps/api/core.js:201:22)
    at http://localhost:9876/_karma_webpack_/webpack:/src/app/services/tauri.service.ts:22:26[39m
Chrome Headless 144.0.0.0 (Windows 10): Executed 2 of 38[32m SUCCESS[39m (0 secs / 0.059 secs)
ERROR: 'Tauri command "is_container" failed:', TypeError: Cannot read properties of undefined (reading 'invoke')
TypeError: Cannot read properties of undefined (reading 'invoke')
    at http://localhost:9876/_karma_webpack_/webpack:/node_modules/.pnpm/@tauri-apps+api@2.9.1/node_modules/@tauri-apps/api/core.js:202:39
    at Generator.next (<anonymous>)
    at asyncGeneratorStep (http://localhost:9876/_karma_webpack_/webpack:/node_modules/.pnpm/@babel+runtime@7.26.10/node_modules/@babel/runtime/helpers/esm/asyncToGenerator.js:3:1)
    at _next (http://localhost:9876/_karma_webpack_/webpack:/node_modules/.pnpm/@babel+runtime@7.26.10/node_modules/@babel/runtime/helpers/esm/asyncToGenerator.js:17:1)
    at executor (http://localhost:9876/_karma_webpack_/webpack:/node_modules/.pnpm/@babel+runtime@7.26.10/node_modules/@babel/runtime/helpers/esm/asyncToGenerator.js:22:1)
    at new ZoneAwarePromise (http://localhost:9876/_karma_webpack_/webpack:/node_modules/.pnpm/zone.js@0.14.10/node_modules/zone.js/fesm2015/zone.js:2702:25)
    at apply (http://localhost:9876/_karma_webpack_/webpack:/node_modules/.pnpm/@babel+runtime@7.26.10/node_modules/@babel/runtime/helpers/esm/asyncToGenerator.js:14:1)
    at apply (http://localhost:9876/_karma_webpack_/webpack:/node_modules/.pnpm/@tauri-apps+api@2.9.1/node_modules/@tauri-apps/api/core.js:203:2)
    at invoke (http://localhost:9876/_karma_webpack_/webpack:/node_modules/.pnpm/@tauri-apps+api@2.9.1/node_modules/@tauri-apps/api/core.js:201:22)
    at http://localhost:9876/_karma_webpack_/webpack:/src/app/services/tauri.service.ts:22:26
[1A[2KChrome Headless 144.0.0.0 (Windows 10): Executed 3 of 38[32m SUCCESS[39m (0 secs / 0.107 secs)
[1A[2KChrome Headless 144.0.0.0 (Windows 10): Executed 4 of 38[32m SUCCESS[39m (0 secs / 0.116 secs)
[1A[2KChrome Headless 144.0.0.0 (Windows 10): Executed 5 of 38[32m SUCCESS[39m (0 secs / 0.119 secs)
[1A[2KChrome Headless 144.0.0.0 (Windows 10): Executed 6 of 38[32m SUCCESS[39m (0 secs / 0.124 secs)
[1A[2KChrome Headless 144.0.0.0 (Windows 10): Executed 7 of 38[32m SUCCESS[39m (0 secs / 0.129 secs)
[1A[2KChrome Headless 144.0.0.0 (Windows 10): Executed 8 of 38[32m SUCCESS[39m (0 secs / 0.138 secs)
[1A[2KChrome Headless 144.0.0.0 (Windows 10): Executed 9 of 38[32m SUCCESS[39m (0 secs / 0.143 secs)
[1A[2KChrome Headless 144.0.0.0 (Windows 10): Executed 10 of 38[32m SUCCESS[39m (0 secs / 0.152 secs)
[1A[2KChrome Headless 144.0.0.0 (Windows 10): Executed 11 of 38[32m SUCCESS[39m (0 secs / 0.154 secs)
[1A[2KChrome Headless 144.0.0.0 (Windows 10): Executed 12 of 38[32m SUCCESS[39m (0 secs / 0.173 secs)
[1A[2KChrome Headless 144.0.0.0 (Windows 10): Executed 13 of 38[32m SUCCESS[39m (0 secs / 0.178 secs)
[1A[2KChrome Headless 144.0.0.0 (Windows 10): Executed 14 of 38[32m SUCCESS[39m (0 secs / 0.179 secs)
[1A[2KChrome Headless 144.0.0.0 (Windows 10): Executed 15 of 38[32m SUCCESS[39m (0 secs / 0.183 secs)
[1A[2KChrome Headless 144.0.0.0 (Windows 10): Executed 16 of 38[32m SUCCESS[39m (0 secs / 0.188 secs)
[1A[2KChrome Headless 144.0.0.0 (Windows 10): Executed 17 of 38[32m SUCCESS[39m (0 secs / 0.188 secs)
[1A[2KChrome Headless 144.0.0.0 (Windows 10): Executed 18 of 38[32m SUCCESS[39m (0 secs / 0.191 secs)
[1A[2KChrome Headless 144.0.0.0 (Windows 10): Executed 19 of 38[32m SUCCESS[39m (0 secs / 0.192 secs)
[1A[2KChrome Headless 144.0.0.0 (Windows 10): Executed 20 of 38[32m SUCCESS[39m (0 secs / 0.235 secs)
[1A[2KChrome Headless 144.0.0.0 (Windows 10): Executed 21 of 38[32m SUCCESS[39m (0 secs / 0.243 secs)
[1A[2KChrome Headless 144.0.0.0 (Windows 10): Executed 22 of 38[32m SUCCESS[39m (0 secs / 0.258 secs)
[1A[2KChrome Headless 144.0.0.0 (Windows 10): Executed 23 of 38[32m SUCCESS[39m (0 secs / 0.263 secs)
[1A[2KChrome Headless 144.0.0.0 (Windows 10): Executed 24 of 38[32m SUCCESS[39m (0 secs / 0.267 secs)
[1A[2KChrome Headless 144.0.0.0 (Windows 10): Executed 25 of 38[32m SUCCESS[39m (0 secs / 0.269 secs)
[1A[2KChrome Headless 144.0.0.0 (Windows 10): Executed 26 of 38[32m SUCCESS[39m (0 secs / 0.273 secs)
[1A[2KChrome Headless 144.0.0.0 (Windows 10): Executed 27 of 38[32m SUCCESS[39m (0 secs / 0.274 secs)
[1A[2KChrome Headless 144.0.0.0 (Windows 10): Executed 28 of 38[32m SUCCESS[39m (0 secs / 0.275 secs)
[1A[2KChrome Headless 144.0.0.0 (Windows 10): Executed 29 of 38[32m SUCCESS[39m (0 secs / 0.289 secs)
[1A[2KChrome Headless 144.0.0.0 (Windows 10): Executed 30 of 38[32m SUCCESS[39m (0 secs / 0.289 secs)
[1A[2KChrome Headless 144.0.0.0 (Windows 10): Executed 31 of 38[32m SUCCESS[39m (0 secs / 0.295 secs)
[1A[2KChrome Headless 144.0.0.0 (Windows 10): Executed 32 of 38[32m SUCCESS[39m (0 secs / 0.336 secs)
[1A[2KChrome Headless 144.0.0.0 (Windows 10): Executed 33 of 38[32m SUCCESS[39m (0 secs / 0.349 secs)
[1A[2KChrome Headless 144.0.0.0 (Windows 10): Executed 34 of 38[32m SUCCESS[39m (0 secs / 0.352 secs)
[1A[2KChrome Headless 144.0.0.0 (Windows 10): Executed 35 of 38[32m SUCCESS[39m (0 secs / 0.356 secs)
[1A[2KChrome Headless 144.0.0.0 (Windows 10): Executed 36 of 38[32m SUCCESS[39m (0 secs / 0.356 secs)
[1A[2KChrome Headless 144.0.0.0 (Windows 10): Executed 37 of 38[32m SUCCESS[39m (0 secs / 0.363 secs)
[1A[2KChrome Headless 144.0.0.0 (Windows 10): Executed 38 of 38[32m SUCCESS[39m (0 secs / 0.368 secs)
[1A[2KChrome Headless 144.0.0.0 (Windows 10): Executed 38 of 38[32m SUCCESS[39m (0.397 secs / 0.368 secs)
[32mTOTAL: 38 SUCCESS[39m
Γ£ö Browser application bundle generation complete.
Γ£ö Browser application bundle generation complete.
